Experimentos totales: 405
Semillas: [42, 123, 256, 512, 999, 1337, 2048, 3141, 4096, 5000, 6789, 7654, 8192, 9001, 9999]
Salida: results/resultados.csv

=== Instancia: small (data/instance_small) ===
  [   1/405] OK   small    sequential   t=1 seed=   42 (0.6s)  ETA 4m 06s
  [   2/405] OK   small    sequential   t=1 seed=  123 (0.4s)  ETA 3m 30s
  [   3/405] OK   small    sequential   t=1 seed=  256 (0.4s)  ETA 3m 10s
  [   4/405] OK   small    sequential   t=1 seed=  512 (0.6s)  ETA 3m 26s
  [   5/405] OK   small    sequential   t=1 seed=  999 (0.5s)  ETA 3m 24s
  [   6/405] OK   small    sequential   t=1 seed= 1337 (0.7s)  ETA 3m 37s
  [   7/405] OK   small    sequential   t=1 seed= 2048 (0.6s)  ETA 3m 40s
  [   8/405] OK   small    sequential   t=1 seed= 3141 (0.6s)  ETA 3m 40s
  [   9/405] OK   small    sequential   t=1 seed= 4096 (0.5s)  ETA 3m 38s
  [  10/405] OK   small    sequential   t=1 seed= 5000 (0.4s)  ETA 3m 32s
  [  11/405] OK   small    sequential   t=1 seed= 6789 (0.5s)  ETA 3m 31s
  [  12/405] OK   small    sequential   t=1 seed= 7654 (0.6s)  ETA 3m 33s
  [  13/405] OK   small    sequential   t=1 seed= 8192 (0.6s)  ETA 3m 34s
  [  14/405] OK   small    sequential   t=1 seed= 9001 (0.5s)  ETA 3m 32s
  [  15/405] OK   small    sequential   t=1 seed= 9999 (0.6s)  ETA 3m 32s
  [  16/405] OK   small    parallel     t=1 seed=   42 (0.4s)  ETA 3m 28s
  [  17/405] OK   small    parallel     t=1 seed=  123 (0.6s)  ETA 3m 30s
  [  18/405] OK   small    parallel     t=1 seed=  256 (0.5s)  ETA 3m 29s
  [  19/405] OK   small    parallel     t=1 seed=  512 (0.5s)  ETA 3m 27s
  [  20/405] OK   small    parallel     t=1 seed=  999 (0.6s)  ETA 3m 28s
  [  21/405] OK   small    parallel     t=1 seed= 1337 (0.5s)  ETA 3m 28s
  [  22/405] OK   small    parallel     t=1 seed= 2048 (0.5s)  ETA 3m 25s
  [  23/405] OK   small    parallel     t=1 seed= 3141 (0.6s)  ETA 3m 26s
  [  24/405] OK   small    parallel     t=1 seed= 4096 (0.5s)  ETA 3m 24s
  [  25/405] OK   small    parallel     t=1 seed= 5000 (0.5s)  ETA 3m 24s
  [  26/405] OK   small    parallel     t=1 seed= 6789 (0.5s)  ETA 3m 23s
  [  27/405] OK   small    parallel     t=1 seed= 7654 (0.7s)  ETA 3m 24s
  [  28/405] OK   small    parallel     t=1 seed= 8192 (0.5s)  ETA 3m 23s
  [  29/405] OK   small    parallel     t=1 seed= 9001 (0.5s)  ETA 3m 22s
  [  30/405] OK   small    parallel     t=1 seed= 9999 (0.4s)  ETA 3m 20s
  [  31/405] OK   small    parallel     t=2 seed=   42 (0.4s)  ETA 3m 18s
  [  32/405] OK   small    parallel     t=2 seed=  123 (0.5s)  ETA 3m 17s
  [  33/405] OK   small    parallel     t=2 seed=  256 (0.4s)  ETA 3m 14s
  [  34/405] OK   small    parallel     t=2 seed=  512 (0.4s)  ETA 3m 12s
  [  35/405] OK   small    parallel     t=2 seed=  999 (0.2s)  ETA 3m 09s
  [  36/405] OK   small    parallel     t=2 seed= 1337 (0.4s)  ETA 3m 08s
  [  37/405] OK   small    parallel     t=2 seed= 2048 (0.5s)  ETA 3m 07s
  [  38/405] OK   small    parallel     t=2 seed= 3141 (0.3s)  ETA 3m 04s
  [  39/405] OK   small    parallel     t=2 seed= 4096 (0.4s)  ETA 3m 03s
  [  40/405] OK   small    parallel     t=2 seed= 5000 (0.5s)  ETA 3m 02s
  [  41/405] OK   small    parallel     t=2 seed= 6789 (0.4s)  ETA 3m 00s
  [  42/405] OK   small    parallel     t=2 seed= 7654 (0.3s)  ETA 2m 57s
  [  43/405] OK   small    parallel     t=2 seed= 8192 (0.3s)  ETA 2m 56s
  [  44/405] OK   small    parallel     t=2 seed= 9001 (0.5s)  ETA 2m 55s
  [  45/405] OK   small    parallel     t=2 seed= 9999 (0.3s)  ETA 2m 53s
  [  46/405] OK   small    parallel     t=4 seed=   42 (0.3s)  ETA 2m 51s
  [  47/405] OK   small    parallel     t=4 seed=  123 (0.2s)  ETA 2m 49s
  [  48/405] OK   small    parallel     t=4 seed=  256 (0.3s)  ETA 2m 47s
  [  49/405] OK   small    parallel     t=4 seed=  512 (0.2s)  ETA 2m 45s
  [  50/405] OK   small    parallel     t=4 seed=  999 (0.3s)  ETA 2m 43s
  [  51/405] OK   small    parallel     t=4 seed= 1337 (0.2s)  ETA 2m 41s
  [  52/405] OK   small    parallel     t=4 seed= 2048 (0.2s)  ETA 2m 39s
  [  53/405] OK   small    parallel     t=4 seed= 3141 (0.3s)  ETA 2m 38s
  [  54/405] OK   small    parallel     t=4 seed= 4096 (0.4s)  ETA 2m 37s
  [  55/405] OK   small    parallel     t=4 seed= 5000 (0.2s)  ETA 2m 35s
  [  56/405] OK   small    parallel     t=4 seed= 6789 (0.3s)  ETA 2m 34s
  [  57/405] OK   small    parallel     t=4 seed= 7654 (0.2s)  ETA 2m 32s
  [  58/405] OK   small    parallel     t=4 seed= 8192 (0.3s)  ETA 2m 31s
  [  59/405] OK   small    parallel     t=4 seed= 9001 (0.3s)  ETA 2m 30s
  [  60/405] OK   small    parallel     t=4 seed= 9999 (0.3s)  ETA 2m 29s
  [  61/405] OK   small    parallel     t=8 seed=   42 (0.3s)  ETA 2m 28s
  [  62/405] OK   small    parallel     t=8 seed=  123 (0.3s)  ETA 2m 27s
  [  63/405] OK   small    parallel     t=8 seed=  256 (0.4s)  ETA 2m 26s
  [  64/405] OK   small    parallel     t=8 seed=  512 (0.3s)  ETA 2m 25s
  [  65/405] OK   small    parallel     t=8 seed=  999 (0.4s)  ETA 2m 24s
  [  66/405] OK   small    parallel     t=8 seed= 1337 (0.3s)  ETA 2m 23s
  [  67/405] OK   small    parallel     t=8 seed= 2048 (0.3s)  ETA 2m 22s
  [  68/405] OK   small    parallel     t=8 seed= 3141 (0.3s)  ETA 2m 21s
  [  69/405] OK   small    parallel     t=8 seed= 4096 (0.2s)  ETA 2m 20s
  [  70/405] OK   small    parallel     t=8 seed= 5000 (0.3s)  ETA 2m 19s
  [  71/405] OK   small    parallel     t=8 seed= 6789 (0.3s)  ETA 2m 18s
  [  72/405] OK   small    parallel     t=8 seed= 7654 (0.3s)  ETA 2m 17s
  [  73/405] OK   small    parallel     t=8 seed= 8192 (0.3s)  ETA 2m 16s
  [  74/405] OK   small    parallel     t=8 seed= 9001 (0.3s)  ETA 2m 15s
  [  75/405] OK   small    parallel     t=8 seed= 9999 (0.2s)  ETA 2m 14s
  [  76/405] OK   small    islands      t=1 seed=   42 (1.0s)  ETA 2m 16s
  [  77/405] OK   small    islands      t=1 seed=  123 (1.0s)  ETA 2m 18s
  [  78/405] OK   small    islands      t=1 seed=  256 (1.0s)  ETA 2m 20s
  [  79/405] OK   small    islands      t=1 seed=  512 (0.9s)  ETA 2m 22s
  [  80/405] OK   small    islands      t=1 seed=  999 (0.9s)  ETA 2m 23s
  [  81/405] OK   small    islands      t=1 seed= 1337 (1.0s)  ETA 2m 25s
  [  82/405] OK   small    islands      t=1 seed= 2048 (0.9s)  ETA 2m 26s
  [  83/405] OK   small    islands      t=1 seed= 3141 (1.0s)  ETA 2m 28s
  [  84/405] OK   small    islands      t=1 seed= 4096 (0.9s)  ETA 2m 29s
  [  85/405] OK   small    islands      t=1 seed= 5000 (0.9s)  ETA 2m 30s
  [  86/405] OK   small    islands      t=1 seed= 6789 (0.9s)  ETA 2m 31s
  [  87/405] OK   small    islands      t=1 seed= 7654 (0.9s)  ETA 2m 32s
  [  88/405] OK   small    islands      t=1 seed= 8192 (0.8s)  ETA 2m 33s
  [  89/405] OK   small    islands      t=1 seed= 9001 (0.9s)  ETA 2m 34s
  [  90/405] OK   small    islands      t=1 seed= 9999 (0.9s)  ETA 2m 35s
  [  91/405] OK   small    islands      t=2 seed=   42 (0.9s)  ETA 2m 36s
  [  92/405] OK   small    islands      t=2 seed=  123 (0.9s)  ETA 2m 37s
  [  93/405] OK   small    islands      t=2 seed=  256 (0.8s)  ETA 2m 37s
  [  94/405] OK   small    islands      t=2 seed=  512 (0.9s)  ETA 2m 38s
  [  95/405] OK   small    islands      t=2 seed=  999 (0.9s)  ETA 2m 39s
  [  96/405] OK   small    islands      t=2 seed= 1337 (0.9s)  ETA 2m 39s
  [  97/405] OK   small    islands      t=2 seed= 2048 (0.9s)  ETA 2m 40s
  [  98/405] OK   small    islands      t=2 seed= 3141 (0.8s)  ETA 2m 40s
  [  99/405] OK   small    islands      t=2 seed= 4096 (0.9s)  ETA 2m 41s
  [ 100/405] OK   small    islands      t=2 seed= 5000 (0.9s)  ETA 2m 42s
  [ 101/405] OK   small    islands      t=2 seed= 6789 (0.9s)  ETA 2m 42s
  [ 102/405] OK   small    islands      t=2 seed= 7654 (0.8s)  ETA 2m 42s
  [ 103/405] OK   small    islands      t=2 seed= 8192 (0.9s)  ETA 2m 43s
  [ 104/405] OK   small    islands      t=2 seed= 9001 (0.8s)  ETA 2m 43s
  [ 105/405] OK   small    islands      t=2 seed= 9999 (0.9s)  ETA 2m 44s
  [ 106/405] OK   small    islands      t=4 seed=   42 (0.8s)  ETA 2m 44s
  [ 107/405] OK   small    islands      t=4 seed=  123 (0.8s)  ETA 2m 44s
  [ 108/405] OK   small    islands      t=4 seed=  256 (0.9s)  ETA 2m 44s
  [ 109/405] OK   small    islands      t=4 seed=  512 (0.9s)  ETA 2m 45s
  [ 110/405] OK   small    islands      t=4 seed=  999 (0.9s)  ETA 2m 45s
  [ 111/405] OK   small    islands      t=4 seed= 1337 (0.9s)  ETA 2m 45s
  [ 112/405] OK   small    islands      t=4 seed= 2048 (0.9s)  ETA 2m 46s
  [ 113/405] OK   small    islands      t=4 seed= 3141 (0.9s)  ETA 2m 46s
  [ 114/405] OK   small    islands      t=4 seed= 4096 (0.9s)  ETA 2m 46s
  [ 115/405] OK   small    islands      t=4 seed= 5000 (0.9s)  ETA 2m 46s
  [ 116/405] OK   small    islands      t=4 seed= 6789 (0.9s)  ETA 2m 47s
  [ 117/405] OK   small    islands      t=4 seed= 7654 (1.2s)  ETA 2m 48s
  [ 118/405] OK   small    islands      t=4 seed= 8192 (1.0s)  ETA 2m 48s
  [ 119/405] OK   small    islands      t=4 seed= 9001 (0.9s)  ETA 2m 48s
  [ 120/405] OK   small    islands      t=4 seed= 9999 (0.9s)  ETA 2m 48s
  [ 121/405] OK   small    islands      t=8 seed=   42 (0.7s)  ETA 2m 48s
  [ 122/405] OK   small    islands      t=8 seed=  123 (0.7s)  ETA 2m 47s
  [ 123/405] OK   small    islands      t=8 seed=  256 (0.7s)  ETA 2m 47s
  [ 124/405] OK   small    islands      t=8 seed=  512 (0.7s)  ETA 2m 47s
  [ 125/405] OK   small    islands      t=8 seed=  999 (0.7s)  ETA 2m 46s
  [ 126/405] OK   small    islands      t=8 seed= 1337 (0.7s)  ETA 2m 46s
  [ 127/405] OK   small    islands      t=8 seed= 2048 (0.7s)  ETA 2m 46s
  [ 128/405] OK   small    islands      t=8 seed= 3141 (0.7s)  ETA 2m 45s
  [ 129/405] OK   small    islands      t=8 seed= 4096 (0.7s)  ETA 2m 45s
  [ 130/405] OK   small    islands      t=8 seed= 5000 (0.7s)  ETA 2m 45s
  [ 131/405] OK   small    islands      t=8 seed= 6789 (0.7s)  ETA 2m 44s
  [ 132/405] OK   small    islands      t=8 seed= 7654 (0.7s)  ETA 2m 44s
  [ 133/405] OK   small    islands      t=8 seed= 8192 (0.9s)  ETA 2m 44s
  [ 134/405] OK   small    islands      t=8 seed= 9001 (0.7s)  ETA 2m 43s
  [ 135/405] OK   small    islands      t=8 seed= 9999 (0.8s)  ETA 2m 43s

=== Instancia: medium (data/instance_medium) ===
  [ 136/405] OK   medium   sequential   t=1 seed=   42 (5.8s)  ETA 2m 53s
  [ 137/405] OK   medium   sequential   t=1 seed=  123 (5.7s)  ETA 3m 02s
  [ 138/405] OK   medium   sequential   t=1 seed=  256 (5.3s)  ETA 3m 10s
  [ 139/405] OK   medium   sequential   t=1 seed=  512 (5.3s)  ETA 3m 18s
  [ 140/405] OK   medium   sequential   t=1 seed=  999 (4.6s)  ETA 3m 25s
  [ 141/405] OK   medium   sequential   t=1 seed= 1337 (5.3s)  ETA 3m 33s
  [ 142/405] OK   medium   sequential   t=1 seed= 2048 (5.2s)  ETA 3m 40s
  [ 143/405] OK   medium   sequential   t=1 seed= 3141 (5.6s)  ETA 3m 48s
  [ 144/405] OK   medium   sequential   t=1 seed= 4096 (5.3s)  ETA 3m 55s
  [ 145/405] OK   medium   sequential   t=1 seed= 5000 (4.5s)  ETA 4m 01s
  [ 146/405] OK   medium   sequential   t=1 seed= 6789 (4.8s)  ETA 4m 07s
  [ 147/405] OK   medium   sequential   t=1 seed= 7654 (5.5s)  ETA 4m 13s
  [ 148/405] OK   medium   sequential   t=1 seed= 8192 (5.5s)  ETA 4m 20s
  [ 149/405] OK   medium   sequential   t=1 seed= 9001 (5.5s)  ETA 4m 27s
  [ 150/405] OK   medium   sequential   t=1 seed= 9999 (5.3s)  ETA 4m 33s
  [ 151/405] OK   medium   parallel     t=1 seed=   42 (5.3s)  ETA 4m 39s
  [ 152/405] OK   medium   parallel     t=1 seed=  123 (4.9s)  ETA 4m 44s
  [ 153/405] OK   medium   parallel     t=1 seed=  256 (5.3s)  ETA 4m 50s
  [ 154/405] OK   medium   parallel     t=1 seed=  512 (5.3s)  ETA 4m 56s
  [ 155/405] OK   medium   parallel     t=1 seed=  999 (5.4s)  ETA 5m 01s
  [ 156/405] OK   medium   parallel     t=1 seed= 1337 (5.5s)  ETA 5m 07s
  [ 157/405] OK   medium   parallel     t=1 seed= 2048 (4.5s)  ETA 5m 11s
  [ 158/405] OK   medium   parallel     t=1 seed= 3141 (4.9s)  ETA 5m 15s
  [ 159/405] OK   medium   parallel     t=1 seed= 4096 (5.4s)  ETA 5m 20s
  [ 160/405] OK   medium   parallel     t=1 seed= 5000 (5.3s)  ETA 5m 25s
  [ 161/405] OK   medium   parallel     t=1 seed= 6789 (5.5s)  ETA 5m 30s
  [ 162/405] OK   medium   parallel     t=1 seed= 7654 (4.6s)  ETA 5m 34s
  [ 163/405] OK   medium   parallel     t=1 seed= 8192 (5.3s)  ETA 5m 38s
  [ 164/405] OK   medium   parallel     t=1 seed= 9001 (3.2s)  ETA 5m 39s
  [ 165/405] OK   medium   parallel     t=1 seed= 9999 (4.5s)  ETA 5m 42s
  [ 166/405] OK   medium   parallel     t=2 seed=   42 (2.9s)  ETA 5m 43s
  [ 167/405] OK   medium   parallel     t=2 seed=  123 (3.0s)  ETA 5m 44s
  [ 168/405] OK   medium   parallel     t=2 seed=  256 (2.9s)  ETA 5m 45s
  [ 169/405] OK   medium   parallel     t=2 seed=  512 (2.9s)  ETA 5m 45s
  [ 170/405] OK   medium   parallel     t=2 seed=  999 (2.9s)  ETA 5m 46s
  [ 171/405] OK   medium   parallel     t=2 seed= 1337 (2.9s)  ETA 5m 46s
  [ 172/405] OK   medium   parallel     t=2 seed= 2048 (2.4s)  ETA 5m 46s
  [ 173/405] OK   medium   parallel     t=2 seed= 3141 (2.9s)  ETA 5m 46s
  [ 174/405] OK   medium   parallel     t=2 seed= 4096 (2.8s)  ETA 5m 47s
  [ 175/405] OK   medium   parallel     t=2 seed= 5000 (2.9s)  ETA 5m 47s
  [ 176/405] OK   medium   parallel     t=2 seed= 6789 (2.9s)  ETA 5m 47s
  [ 177/405] OK   medium   parallel     t=2 seed= 7654 (2.9s)  ETA 5m 48s
  [ 178/405] OK   medium   parallel     t=2 seed= 8192 (2.5s)  ETA 5m 47s
  [ 179/405] OK   medium   parallel     t=2 seed= 9001 (2.9s)  ETA 5m 48s
  [ 180/405] OK   medium   parallel     t=2 seed= 9999 (2.9s)  ETA 5m 48s
  [ 181/405] OK   medium   parallel     t=4 seed=   42 (1.9s)  ETA 5m 47s
  [ 182/405] OK   medium   parallel     t=4 seed=  123 (1.9s)  ETA 5m 46s
  [ 183/405] OK   medium   parallel     t=4 seed=  256 (1.5s)  ETA 5m 44s
  [ 184/405] OK   medium   parallel     t=4 seed=  512 (1.8s)  ETA 5m 43s
  [ 185/405] OK   medium   parallel     t=4 seed=  999 (1.9s)  ETA 5m 42s
  [ 186/405] OK   medium   parallel     t=4 seed= 1337 (1.5s)  ETA 5m 40s
  [ 187/405] OK   medium   parallel     t=4 seed= 2048 (2.0s)  ETA 5m 39s
  [ 188/405] OK   medium   parallel     t=4 seed= 3141 (1.9s)  ETA 5m 38s
  [ 189/405] OK   medium   parallel     t=4 seed= 4096 (1.9s)  ETA 5m 37s
  [ 190/405] OK   medium   parallel     t=4 seed= 5000 (1.7s)  ETA 5m 35s
  [ 191/405] OK   medium   parallel     t=4 seed= 6789 (1.9s)  ETA 5m 34s
  [ 192/405] OK   medium   parallel     t=4 seed= 7654 (1.9s)  ETA 5m 33s
  [ 193/405] OK   medium   parallel     t=4 seed= 8192 (1.9s)  ETA 5m 32s
  [ 194/405] OK   medium   parallel     t=4 seed= 9001 (1.5s)  ETA 5m 30s
  [ 195/405] OK   medium   parallel     t=4 seed= 9999 (1.9s)  ETA 5m 29s
  [ 196/405] OK   medium   parallel     t=8 seed=   42 (1.2s)  ETA 5m 27s
  [ 197/405] OK   medium   parallel     t=8 seed=  123 (1.3s)  ETA 5m 25s
  [ 198/405] OK   medium   parallel     t=8 seed=  256 (1.3s)  ETA 5m 23s
  [ 199/405] OK   medium   parallel     t=8 seed=  512 (1.2s)  ETA 5m 21s
  [ 200/405] OK   medium   parallel     t=8 seed=  999 (1.3s)  ETA 5m 19s
  [ 201/405] OK   medium   parallel     t=8 seed= 1337 (1.4s)  ETA 5m 18s
  [ 202/405] OK   medium   parallel     t=8 seed= 2048 (0.8s)  ETA 5m 15s
  [ 203/405] OK   medium   parallel     t=8 seed= 3141 (1.3s)  ETA 5m 13s
  [ 204/405] OK   medium   parallel     t=8 seed= 4096 (1.3s)  ETA 5m 12s
  [ 205/405] OK   medium   parallel     t=8 seed= 5000 (1.4s)  ETA 5m 10s
  [ 206/405] OK   medium   parallel     t=8 seed= 6789 (1.5s)  ETA 5m 08s
  [ 207/405] OK   medium   parallel     t=8 seed= 7654 (1.3s)  ETA 5m 06s
  [ 208/405] OK   medium   parallel     t=8 seed= 8192 (1.3s)  ETA 5m 05s
  [ 209/405] OK   medium   parallel     t=8 seed= 9001 (1.3s)  ETA 5m 03s
  [ 210/405] OK   medium   parallel     t=8 seed= 9999 (1.6s)  ETA 5m 01s
  [ 211/405] OK   medium   islands      t=1 seed=   42 (23.0s)  ETA 5m 20s
  [ 212/405] OK   medium   islands      t=1 seed=  123 (9.0s)  ETA 5m 25s
  [ 213/405] OK   medium   islands      t=1 seed=  256 (6.9s)  ETA 5m 28s
  [ 214/405] OK   medium   islands      t=1 seed=  512 (6.6s)  ETA 5m 30s
  [ 215/405] OK   medium   islands      t=1 seed=  999 (6.7s)  ETA 5m 33s
  [ 216/405] OK   medium   islands      t=1 seed= 1337 (6.8s)  ETA 5m 36s
  [ 217/405] OK   medium   islands      t=1 seed= 2048 (6.6s)  ETA 5m 38s
  [ 218/405] OK   medium   islands      t=1 seed= 3141 (6.8s)  ETA 5m 41s
  [ 219/405] OK   medium   islands      t=1 seed= 4096 (6.6s)  ETA 5m 43s
  [ 220/405] OK   medium   islands      t=1 seed= 5000 (6.6s)  ETA 5m 45s
  [ 221/405] OK   medium   islands      t=1 seed= 6789 (6.6s)  ETA 5m 47s
  [ 222/405] OK   medium   islands      t=1 seed= 7654 (6.7s)  ETA 5m 49s
  [ 223/405] OK   medium   islands      t=1 seed= 8192 (6.7s)  ETA 5m 51s
  [ 224/405] OK   medium   islands      t=1 seed= 9001 (6.6s)  ETA 5m 53s
  [ 225/405] OK   medium   islands      t=1 seed= 9999 (6.7s)  ETA 5m 55s
  [ 226/405] OK   medium   islands      t=2 seed=   42 (6.8s)  ETA 5m 57s
  [ 227/405] OK   medium   islands      t=2 seed=  123 (7.0s)  ETA 5m 59s
  [ 228/405] OK   medium   islands      t=2 seed=  256 (6.7s)  ETA 6m 00s
  [ 229/405] OK   medium   islands      t=2 seed=  512 (6.8s)  ETA 6m 02s
  [ 230/405] OK   medium   islands      t=2 seed=  999 (6.8s)  ETA 6m 03s
  [ 231/405] OK   medium   islands      t=2 seed= 1337 (6.7s)  ETA 6m 05s
  [ 232/405] OK   medium   islands      t=2 seed= 2048 (6.6s)  ETA 6m 06s
  [ 233/405] OK   medium   islands      t=2 seed= 3141 (6.6s)  ETA 6m 07s
  [ 234/405] OK   medium   islands      t=2 seed= 4096 (6.7s)  ETA 6m 08s
  [ 235/405] OK   medium   islands      t=2 seed= 5000 (6.7s)  ETA 6m 10s
  [ 236/405] OK   medium   islands      t=2 seed= 6789 (6.7s)  ETA 6m 11s
  [ 237/405] OK   medium   islands      t=2 seed= 7654 (6.7s)  ETA 6m 12s
  [ 238/405] OK   medium   islands      t=2 seed= 8192 (6.7s)  ETA 6m 13s
  [ 239/405] OK   medium   islands      t=2 seed= 9001 (6.7s)  ETA 6m 13s
  [ 240/405] OK   medium   islands      t=2 seed= 9999 (6.6s)  ETA 6m 14s
  [ 241/405] OK   medium   islands      t=4 seed=   42 (6.7s)  ETA 6m 15s
  [ 242/405] OK   medium   islands      t=4 seed=  123 (7.0s)  ETA 6m 16s
  [ 243/405] OK   medium   islands      t=4 seed=  256 (6.7s)  ETA 6m 16s
  [ 244/405] OK   medium   islands      t=4 seed=  512 (6.7s)  ETA 6m 17s
  [ 245/405] OK   medium   islands      t=4 seed=  999 (6.6s)  ETA 6m 17s
  [ 246/405] OK   medium   islands      t=4 seed= 1337 (6.6s)  ETA 6m 18s
  [ 247/405] OK   medium   islands      t=4 seed= 2048 (6.6s)  ETA 6m 18s
  [ 248/405] OK   medium   islands      t=4 seed= 3141 (6.7s)  ETA 6m 18s
  [ 249/405] OK   medium   islands      t=4 seed= 4096 (6.8s)  ETA 6m 19s
  [ 250/405] OK   medium   islands      t=4 seed= 5000 (6.8s)  ETA 6m 19s
  [ 251/405] OK   medium   islands      t=4 seed= 6789 (6.7s)  ETA 6m 19s
  [ 252/405] OK   medium   islands      t=4 seed= 7654 (6.7s)  ETA 6m 19s
  [ 253/405] OK   medium   islands      t=4 seed= 8192 (6.7s)  ETA 6m 19s
  [ 254/405] OK   medium   islands      t=4 seed= 9001 (6.8s)  ETA 6m 19s
  [ 255/405] OK   medium   islands      t=4 seed= 9999 (6.7s)  ETA 6m 19s
  [ 256/405] OK   medium   islands      t=8 seed=   42 (4.7s)  ETA 6m 18s
  [ 257/405] OK   medium   islands      t=8 seed=  123 (5.0s)  ETA 6m 17s
  [ 258/405] OK   medium   islands      t=8 seed=  256 (4.8s)  ETA 6m 16s
  [ 259/405] OK   medium   islands      t=8 seed=  512 (4.9s)  ETA 6m 14s
  [ 260/405] OK   medium   islands      t=8 seed=  999 (4.9s)  ETA 6m 13s
  [ 261/405] OK   medium   islands      t=8 seed= 1337 (5.0s)  ETA 6m 12s
  [ 262/405] OK   medium   islands      t=8 seed= 2048 (4.9s)  ETA 6m 11s
  [ 263/405] OK   medium   islands      t=8 seed= 3141 (4.9s)  ETA 6m 09s
  [ 264/405] OK   medium   islands      t=8 seed= 4096 (4.9s)  ETA 6m 08s
  [ 265/405] OK   medium   islands      t=8 seed= 5000 (4.9s)  ETA 6m 07s
  [ 266/405] OK   medium   islands      t=8 seed= 6789 (4.9s)  ETA 6m 05s
  [ 267/405] OK   medium   islands      t=8 seed= 7654 (5.2s)  ETA 6m 04s
  [ 268/405] OK   medium   islands      t=8 seed= 8192 (4.9s)  ETA 6m 02s
  [ 269/405] OK   medium   islands      t=8 seed= 9001 (4.9s)  ETA 6m 01s
  [ 270/405] OK   medium   islands      t=8 seed= 9999 (9.9s)  ETA 6m 02s

=== Instancia: large (data/instance_large) ===
  [ 271/405] OK   large    sequential   t=1 seed=   42 (120.2s)  ETA 6m 57s
  [ 272/405] OK   large    sequential   t=1 seed=  123 (51.5s)  ETA 7m 18s
  [ 273/405] OK   large    sequential   t=1 seed=  256 (51.3s)  ETA 7m 38s
  [ 274/405] OK   large    sequential   t=1 seed=  512 (50.2s)  ETA 7m 57s
  [ 275/405] OK   large    sequential   t=1 seed=  999 (49.3s)  ETA 8m 15s
  [ 276/405] OK   large    sequential   t=1 seed= 1337 (137.6s)  ETA 9m 13s
  [ 277/405] OK   large    sequential   t=1 seed= 2048 (99.4s)  ETA 9m 53s
  [ 278/405] OK   large    sequential   t=1 seed= 3141 (51.1s)  ETA 10m 10s
  [ 279/405] OK   large    sequential   t=1 seed= 4096 (51.6s)  ETA 10m 26s
  [ 280/405] OK   large    sequential   t=1 seed= 5000 (51.7s)  ETA 10m 42s
  [ 281/405] OK   large    sequential   t=1 seed= 6789 (51.4s)  ETA 10m 57s
  [ 282/405] OK   large    sequential   t=1 seed= 7654 (51.4s)  ETA 11m 12s
  [ 283/405] OK   large    sequential   t=1 seed= 8192 (50.5s)  ETA 11m 26s
  [ 284/405] OK   large    sequential   t=1 seed= 9001 (171.8s)  ETA 12m 31s
  [ 285/405] OK   large    sequential   t=1 seed= 9999 (154.0s)  ETA 13m 27s
  [ 286/405] OK   large    parallel     t=1 seed=   42 (176.3s)  ETA 14m 31s
  [ 287/405] OK   large    parallel     t=1 seed=  123 (177.1s)  ETA 15m 33s
  [ 288/405] OK   large    parallel     t=1 seed=  256 (176.9s)  ETA 16m 34s
  [ 289/405] OK   large    parallel     t=1 seed=  512 (176.3s)  ETA 17m 33s
  [ 290/405] OK   large    parallel     t=1 seed=  999 (177.5s)  ETA 18m 31s
  [ 291/405] OK   large    parallel     t=1 seed= 1337 (176.4s)  ETA 19m 26s
  [ 292/405] OK   large    parallel     t=1 seed= 2048 (177.5s)  ETA 20m 21s
  [ 293/405] OK   large    parallel     t=1 seed= 3141 (177.7s)  ETA 21m 14s
  [ 294/405] OK   large    parallel     t=1 seed= 4096 (169.2s)  ETA 22m 02s
  [ 295/405] OK   large    parallel     t=1 seed= 5000 (175.4s)  ETA 22m 51s
  [ 296/405] OK   large    parallel     t=1 seed= 6789 (175.1s)  ETA 23m 38s
  [ 297/405] OK   large    parallel     t=1 seed= 7654 (131.9s)  ETA 24m 09s
  [ 298/405] OK   large    parallel     t=1 seed= 8192 (43.9s)  ETA 24m 06s
  [ 299/405] OK   large    parallel     t=1 seed= 9001 (40.1s)  ETA 24m 02s
  [ 300/405] OK   large    parallel     t=1 seed= 9999 (40.8s)  ETA 23m 58s
  [ 301/405] OK   large    parallel     t=2 seed=   42 (21.7s)  ETA 23m 47s
  [ 302/405] OK   large    parallel     t=2 seed=  123 (22.0s)  ETA 23m 36s
  [ 303/405] OK   large    parallel     t=2 seed=  256 (22.1s)  ETA 23m 25s
  [ 304/405] OK   large    parallel     t=2 seed=  512 (22.2s)  ETA 23m 14s
  [ 305/405] OK   large    parallel     t=2 seed=  999 (28.5s)  ETA 23m 05s
  [ 306/405] OK   large    parallel     t=2 seed= 1337 (32.0s)  ETA 22m 57s
  [ 307/405] OK   large    parallel     t=2 seed= 2048 (33.8s)  ETA 22m 50s
  [ 308/405] OK   large    parallel     t=2 seed= 3141 (37.3s)  ETA 22m 43s
  [ 309/405] OK   large    parallel     t=2 seed= 4096 (34.2s)  ETA 22m 35s
  [ 310/405] OK   large    parallel     t=2 seed= 5000 (38.5s)  ETA 22m 29s
  [ 311/405] OK   large    parallel     t=2 seed= 6789 (38.9s)  ETA 22m 22s
  [ 312/405] OK   large    parallel     t=2 seed= 7654 (28.4s)  ETA 22m 12s
  [ 313/405] OK   large    parallel     t=2 seed= 8192 (24.5s)  ETA 22m 00s
  [ 314/405] OK   large    parallel     t=2 seed= 9001 (28.2s)  ETA 21m 50s
  [ 315/405] OK   large    parallel     t=2 seed= 9999 (23.1s)  ETA 21m 38s
  [ 316/405] OK   large    parallel     t=4 seed=   42 (15.0s)  ETA 21m 24s
  [ 317/405] OK   large    parallel     t=4 seed=  123 (15.6s)  ETA 21m 10s
  [ 318/405] OK   large    parallel     t=4 seed=  256 (17.3s)  ETA 20m 56s
  [ 319/405] OK   large    parallel     t=4 seed=  512 (16.9s)  ETA 20m 42s
  [ 320/405] OK   large    parallel     t=4 seed=  999 (15.6s)  ETA 20m 28s
  [ 321/405] OK   large    parallel     t=4 seed= 1337 (15.5s)  ETA 20m 14s
  [ 322/405] OK   large    parallel     t=4 seed= 2048 (15.5s)  ETA 20m 00s
  [ 323/405] OK   large    parallel     t=4 seed= 3141 (15.6s)  ETA 19m 46s
  [ 324/405] OK   large    parallel     t=4 seed= 4096 (16.0s)  ETA 19m 32s
  [ 325/405] OK   large    parallel     t=4 seed= 5000 (22.9s)  ETA 19m 19s
  [ 326/405] OK   large    parallel     t=4 seed= 6789 (22.1s)  ETA 19m 07s
  [ 327/405] OK   large    parallel     t=4 seed= 7654 (22.2s)  ETA 18m 54s
  [ 328/405] OK   large    parallel     t=4 seed= 8192 (20.5s)  ETA 18m 41s
  [ 329/405] OK   large    parallel     t=4 seed= 9001 (16.9s)  ETA 18m 27s
  [ 330/405] OK   large    parallel     t=4 seed= 9999 (17.4s)  ETA 18m 13s
  [ 331/405] OK   large    parallel     t=8 seed=   42 (13.6s)  ETA 17m 58s
  [ 332/405] OK   large    parallel     t=8 seed=  123 (14.2s)  ETA 17m 43s
  [ 333/405] OK   large    parallel     t=8 seed=  256 (14.3s)  ETA 17m 29s
  [ 334/405] OK   large    parallel     t=8 seed=  512 (15.3s)  ETA 17m 14s
  [ 335/405] OK   large    parallel     t=8 seed=  999 (13.5s)  ETA 16m 59s
  [ 336/405] OK   large    parallel     t=8 seed= 1337 (13.7s)  ETA 16m 45s
  [ 337/405] OK   large    parallel     t=8 seed= 2048 (12.7s)  ETA 16m 30s
  [ 338/405] OK   large    parallel     t=8 seed= 3141 (12.8s)  ETA 16m 15s
  [ 339/405] OK   large    parallel     t=8 seed= 4096 (12.7s)  ETA 16m 00s
  [ 340/405] OK   large    parallel     t=8 seed= 5000 (12.6s)  ETA 15m 45s
  [ 341/405] OK   large    parallel     t=8 seed= 6789 (12.8s)  ETA 15m 30s
  [ 342/405] OK   large    parallel     t=8 seed= 7654 (12.7s)  ETA 15m 15s
  [ 343/405] OK   large    parallel     t=8 seed= 8192 (13.0s)  ETA 15m 00s
  [ 344/405] OK   large    parallel     t=8 seed= 9001 (12.9s)  ETA 14m 46s
  [ 345/405] OK   large    parallel     t=8 seed= 9999 (12.6s)  ETA 14m 31s
  [ 346/405] OK   large    islands      t=1 seed=   42 (67.3s)  ETA 14m 25s
  [ 347/405] OK   large    islands      t=1 seed=  123 (70.1s)  ETA 14m 20s
  [ 348/405] OK   large    islands      t=1 seed=  256 (66.7s)  ETA 14m 13s
  [ 349/405] OK   large    islands      t=1 seed=  512 (67.4s)  ETA 14m 07s
  [ 350/405] OK   large    islands      t=1 seed=  999 (66.4s)  ETA 14m 00s
  [ 351/405] OK   large    islands      t=1 seed= 1337 (67.9s)  ETA 13m 53s
  [ 352/405] OK   large    islands      t=1 seed= 2048 (66.7s)  ETA 13m 45s
  [ 353/405] OK   large    islands      t=1 seed= 3141 (67.0s)  ETA 13m 37s
  [ 354/405] OK   large    islands      t=1 seed= 4096 (66.8s)  ETA 13m 29s
  [ 355/405] OK   large    islands      t=1 seed= 5000 (67.0s)  ETA 13m 20s
  [ 356/405] OK   large    islands      t=1 seed= 6789 (67.2s)  ETA 13m 11s
  [ 357/405] OK   large    islands      t=1 seed= 7654 (68.5s)  ETA 13m 02s
  [ 358/405] OK   large    islands      t=1 seed= 8192 (67.6s)  ETA 12m 52s
  [ 359/405] OK   large    islands      t=1 seed= 9001 (67.2s)  ETA 12m 42s
  [ 360/405] OK   large    islands      t=1 seed= 9999 (69.4s)  ETA 12m 32s
  [ 361/405] OK   large    islands      t=2 seed=   42 (67.7s)  ETA 12m 22s
  [ 362/405] OK   large    islands      t=2 seed=  123 (67.5s)  ETA 12m 11s
  [ 363/405] OK   large    islands      t=2 seed=  256 (67.4s)  ETA 12m 00s
  [ 364/405] OK   large    islands      t=2 seed=  512 (68.4s)  ETA 11m 48s
  [ 365/405] OK   large    islands      t=2 seed=  999 (72.3s)  ETA 11m 37s
  [ 366/405] OK   large    islands      t=2 seed= 1337 (67.7s)  ETA 11m 25s
  [ 367/405] OK   large    islands      t=2 seed= 2048 (68.3s)  ETA 11m 13s
  [ 368/405] OK   large    islands      t=2 seed= 3141 (67.5s)  ETA 11m 00s
  [ 369/405] OK   large    islands      t=2 seed= 4096 (68.2s)  ETA 10m 47s
  [ 370/405] OK   large    islands      t=2 seed= 5000 (67.8s)  ETA 10m 34s
  [ 371/405] OK   large    islands      t=2 seed= 6789 (70.4s)  ETA 10m 20s
  [ 372/405] OK   large    islands      t=2 seed= 7654 (70.0s)  ETA 10m 07s
  [ 373/405] OK   large    islands      t=2 seed= 8192 (104.0s)  ETA 9m 56s
  [ 374/405] OK   large    islands      t=2 seed= 9001 (70.8s)  ETA 9m 41s
  [ 375/405] OK   large    islands      t=2 seed= 9999 (73.2s)  ETA 9m 27s
  [ 376/405] OK   large    islands      t=4 seed=   42 (64.3s)  ETA 9m 12s
  [ 377/405] OK   large    islands      t=4 seed=  123 (64.3s)  ETA 8m 56s
  [ 378/405] OK   large    islands      t=4 seed=  256 (64.5s)  ETA 8m 40s
  [ 379/405] OK   large    islands      t=4 seed=  512 (152.4s)  ETA 8m 30s
  [ 380/405] OK   large    islands      t=4 seed=  999 (72.1s)  ETA 8m 14s
  [ 381/405] OK   large    islands      t=4 seed= 1337 (110.5s)  ETA 8m 00s
  [ 382/405] OK   large    islands      t=4 seed= 2048 (125.6s)  ETA 7m 46s
  [ 383/405] OK   large    islands      t=4 seed= 3141 (63.0s)  ETA 7m 28s
  [ 384/405] OK   large    islands      t=4 seed= 4096 (63.7s)  ETA 7m 10s
  [ 385/405] OK   large    islands      t=4 seed= 5000 (64.3s)  ETA 6m 52s
  [ 386/405] OK   large    islands      t=4 seed= 6789 (63.8s)  ETA 6m 33s
  [ 387/405] OK   large    islands      t=4 seed= 7654 (63.1s)  ETA 6m 15s
  [ 388/405] OK   large    islands      t=4 seed= 8192 (74.9s)  ETA 5m 56s
  [ 389/405] OK   large    islands      t=4 seed= 9001 (222.1s)  ETA 5m 43s
  [ 390/405] OK   large    islands      t=4 seed= 9999 (84.6s)  ETA 5m 24s
  [ 391/405] OK   large    islands      t=8 seed=   42 (44.5s)  ETA 5m 04s
  [ 392/405] OK   large    islands      t=8 seed=  123 (45.6s)  ETA 4m 43s
  [ 393/405] OK   large    islands      t=8 seed=  256 (46.2s)  ETA 4m 22s
  [ 394/405] OK   large    islands      t=8 seed=  512 (46.1s)  ETA 4m 00s
  [ 395/405] OK   large    islands      t=8 seed=  999 (108.2s)  ETA 3m 41s
  [ 396/405] OK   large    islands      t=8 seed= 1337 (125.5s)  ETA 3m 21s
  [ 397/405] OK   large    islands      t=8 seed= 2048 (44.4s)  ETA 2m 59s
  [ 398/405] OK   large    islands      t=8 seed= 3141 (45.2s)  ETA 2m 37s
  [ 399/405] OK   large    islands      t=8 seed= 4096 (45.8s)  ETA 2m 15s
  [ 400/405] OK   large    islands      t=8 seed= 5000 (48.1s)  ETA 1m 53s
  [ 401/405] OK   large    islands      t=8 seed= 6789 (46.3s)  ETA 1m 30s
  [ 402/405] OK   large    islands      t=8 seed= 7654 (74.5s)  ETA 1m 08s
  [ 403/405] OK   large    islands      t=8 seed= 8192 (46.2s)  ETA 45s
  [ 404/405] OK   large    islands      t=8 seed= 9001 (46.5s)  ETA 22s
  [ 405/405] OK   large    islands      t=8 seed= 9999 (47.1s)  ETA 0s

Completado en 2h 35m 07s. Exitosos: 405/405. Fallidos: 0.
Resultados en: results/resultados.csv